[proxirest.ma/menu/index.html]
[backblue.gif]
[fade.gif]
[index.html]
[proxirest.ma/menu/assets/vendor/fonts/fontawesome.css]
[proxirest.ma/menu/assets/vendor/fonts/tabler-icons.css]
[proxirest.ma/menu/assets/vendor/fonts/flag-icons.css]
[proxirest.ma/menu/assets/vendor/css/rtl/core.css]
[proxirest.ma/menu/assets/vendor/css/rtl/theme-default.css]
[proxirest.ma/menu/assets/css/demo.css]
[proxirest.ma/menu/assets/vendor/libs/node-waves/node-waves.css]
[proxirest.ma/menu/assets/vendor/libs/perfect-scrollbar/perfect-scrollbar.css]
[proxirest.ma/menu/assets/vendor/libs/typeahead-js/typeahead.css]
[proxirest.ma/menu/assets/vendor/libs/flatpickr/flatpickr.css]
[proxirest.ma/menu/assets/vendor/libs/bootstrap-datepicker/bootstrap-datepicker.css]
[proxirest.ma/menu/assets/vendor/libs/bootstrap-daterangepicker/bootstrap-daterangepicker.css]
[proxirest.ma/menu/assets/vendor/libs/jquery-timepicker/jquery-timepicker.css]
[proxirest.ma/menu/assets/vendor/libs/pickr/pickr-themes.css]
[proxirest.ma/menu/assets/vendor/css/pages/app-invoice.css]
[proxirest.ma/menu/assets/vendor/libs/select2/select2.css]
[proxirest.ma/menu/assets/vendor/libs/tagify/tagify.css]
[proxirest.ma/menu/assets/vendor/libs/bootstrap-select/bootstrap-select.css]
[proxirest.ma/menu/assets/vendor/js/helpers.js]
[proxirest.ma/menu/assets/js/config.js]
[proxirest.ma/wp-content/uploads/2022/12/Engag-equilibre-alimentaire-scaled.jpg]
[proxirest.ma/menu/assets/vendor/libs/popper/popper.js]
[proxirest.ma/menu/assets/vendor/libs/jquery/jquery.js]
[proxirest.ma/menu/assets/vendor/js/bootstrap.js]
[proxirest.ma/menu/assets/vendor/libs/node-waves/node-waves.js]
[proxirest.ma/menu/assets/vendor/libs/perfect-scrollbar/perfect-scrollbar.js]
[proxirest.ma/menu/assets/vendor/libs/hammer/hammer.js]
[proxirest.ma/menu/assets/vendor/libs/i18n/i18n.js]
[proxirest.ma/menu/assets/vendor/libs/typeahead-js/typeahead.js]
[proxirest.ma/menu/assets/vendor/js/menu.js]
[proxirest.ma/menu/assets/vendor/libs/select2/select2.js]
[proxirest.ma/menu/assets/vendor/libs/bootstrap-select/bootstrap-select.js]
[proxirest.ma/menu/assets/vendor/libs/bloodhound/bloodhound.js]
[proxirest.ma/menu/assets/vendor/libs/moment/moment.js]
[proxirest.ma/menu/assets/vendor/libs/flatpickr/flatpickr.js]
[proxirest.ma/menu/assets/vendor/libs/bootstrap-datepicker/bootstrap-datepicker.js]
[proxirest.ma/menu/assets/vendor/libs/bootstrap-daterangepicker/bootstrap-daterangepicker.js]
[proxirest.ma/menu/assets/vendor/libs/jquery-timepicker/jquery-timepicker.js]
[proxirest.ma/menu/assets/vendor/libs/pickr/pickr.js]
[proxirest.ma/menu/assets/vendor/libs/jquery-repeater/jquery-repeater.js]
[proxirest.ma/menu/assets/vendor/libs/cleavejs/cleave.js]
[proxirest.ma/menu/assets/vendor/libs/cleavejs/cleave-phone.js]
[proxirest.ma/menu/assets/js/forms-selects.js]
[proxirest.ma/menu/assets/js/forms-typeahead.js]
[proxirest.ma/menu/assets/js/forms-pickers.js]
[unpkg.com/@yaireo/tagify@4.21.1/dist/jQuery.tagify.min.js]
[proxirest.ma/menu/index.html]
[proxirest.ma/menu/assets/js/main.js]
[proxirest.ma/menu/assets/vendor/fonts/fontawesome/fa-regular-400.woff2]
[proxirest.ma/menu/assets/vendor/fonts/fontawesome/fa-regular-400.ttf]
[proxirest.ma/menu/assets/vendor/fonts/fontawesome/fa-solid-900.woff2]
[proxirest.ma/menu/assets/vendor/fonts/fontawesome/fa-solid-900.ttf]
[proxirest.ma/menu/assets/vendor/fonts/fontawesome/fa-brands-400.woff2]
[proxirest.ma/menu/assets/vendor/fonts/fontawesome/fa-brands-400.ttf]
[proxirest.ma/menu/assets/vendor/fonts/fontawesome.css]
[proxirest.ma/menu/assets/vendor/fonts/tabler/tabler-icons.woff2]
[proxirest.ma/menu/assets/vendor/fonts/tabler/tabler-iconsd41d.eot]
[proxirest.ma/menu/assets/vendor/fonts/tabler/tabler-icons.woff]
[proxirest.ma/menu/assets/vendor/fonts/tabler/tabler-icons.ttf]
[proxirest.ma/menu/assets/vendor/fonts/tabler/tabler-icons.eot]
[proxirest.ma/menu/assets/vendor/fonts/tabler/tabler-icons.svg]
[proxirest.ma/menu/assets/vendor/fonts/tabler-icons.css]
[proxirest.ma/menu/assets/vendor/fonts/flags/4x3/xx.svg]
[proxirest.ma/menu/assets/vendor/fonts/flags/1x1/xx.svg]
[proxirest.ma/menu/assets/vendor/fonts/flags/4x3/ad.svg]
[proxirest.ma/menu/assets/vendor/fonts/flags/1x1/ad.svg]
[proxirest.ma/menu/assets/vendor/fonts/flags/4x3/ae.svg]
[proxirest.ma/menu/assets/vendor/fonts/flags/1x1/ae.svg]
[proxirest.ma/menu/assets/vendor/fonts/flags/4x3/af.svg]
[proxirest.ma/menu/assets/vendor/fonts/flags/1x1/af.svg]
[proxirest.ma/menu/assets/vendor/fonts/flags/4x3/ag.svg]
[proxirest.ma/menu/assets/vendor/fonts/flags/1x1/ag.svg]
[proxirest.ma/menu/assets/vendor/fonts/flags/4x3/ai.svg]
[proxirest.ma/menu/assets/vendor/fonts/flags/1x1/ai.svg]
[proxirest.ma/menu/assets/vendor/fonts/flags/4x3/al.svg]
[proxirest.ma/menu/assets/vendor/fonts/flags/1x1/al.svg]
[proxirest.ma/menu/assets/vendor/fonts/flags/4x3/am.svg]
[proxirest.ma/menu/assets/vendor/fonts/flags/1x1/am.svg]
[proxirest.ma/menu/assets/vendor/fonts/flags/4x3/ao.svg]
[proxirest.ma/menu/assets/vendor/fonts/flags/1x1/ao.svg]
[proxirest.ma/menu/assets/vendor/fonts/flags/4x3/aq.svg]
[proxirest.ma/menu/assets/vendor/fonts/flags/1x1/aq.svg]
[proxirest.ma/menu/assets/vendor/fonts/flags/4x3/ar.svg]
[proxirest.ma/menu/assets/vendor/fonts/flags/1x1/ar.svg]
[proxirest.ma/menu/assets/vendor/fonts/flags/4x3/as.svg]
[proxirest.ma/menu/assets/vendor/fonts/flags/1x1/as.svg]
[proxirest.ma/menu/assets/vendor/fonts/flags/4x3/at.svg]
[proxirest.ma/menu/assets/vendor/fonts/flags/1x1/at.svg]
[proxirest.ma/menu/assets/vendor/fonts/flags/4x3/au.svg]
[proxirest.ma/menu/assets/vendor/fonts/flags/1x1/au.svg]
[proxirest.ma/menu/assets/vendor/fonts/flags/4x3/aw.svg]
[proxirest.ma/menu/assets/vendor/fonts/flags/1x1/aw.svg]
[proxirest.ma/menu/assets/vendor/fonts/flags/4x3/ax.svg]
[proxirest.ma/menu/assets/vendor/fonts/flags/1x1/ax.svg]
[proxirest.ma/menu/assets/vendor/fonts/flags/4x3/az.svg]
[proxirest.ma/menu/assets/vendor/fonts/flags/1x1/az.svg]
[proxirest.ma/menu/assets/vendor/fonts/flags/4x3/ba.svg]
[proxirest.ma/menu/assets/vendor/fonts/flags/1x1/ba.svg]
[proxirest.ma/menu/assets/vendor/fonts/flags/4x3/bb.svg]
[proxirest.ma/menu/assets/vendor/fonts/flags/1x1/bb.svg]
[proxirest.ma/menu/assets/vendor/fonts/flags/4x3/be.svg]
[proxirest.ma/menu/assets/vendor/fonts/flags/1x1/be.svg]
[proxirest.ma/menu/assets/vendor/fonts/flags/4x3/bf.svg]
[proxirest.ma/menu/assets/vendor/fonts/flags/1x1/bf.svg]
[proxirest.ma/menu/assets/vendor/fonts/flags/4x3/bg.svg]
[proxirest.ma/menu/assets/vendor/fonts/flags/1x1/bg.svg]
[proxirest.ma/menu/assets/vendor/fonts/flags/4x3/bh.svg]
[proxirest.ma/menu/assets/vendor/fonts/flags/1x1/bh.svg]
[proxirest.ma/menu/assets/vendor/fonts/flags/4x3/bi.svg]
[proxirest.ma/menu/assets/vendor/fonts/flags/1x1/bi.svg]
[proxirest.ma/menu/assets/vendor/fonts/flags/4x3/bj.svg]
[proxirest.ma/menu/assets/vendor/fonts/flags/1x1/bj.svg]
[proxirest.ma/menu/assets/vendor/fonts/flags/4x3/bl.svg]
[proxirest.ma/menu/assets/vendor/fonts/flags/1x1/bl.svg]
[proxirest.ma/menu/assets/vendor/fonts/flags/4x3/bm.svg]
[proxirest.ma/menu/assets/vendor/fonts/flags/1x1/bm.svg]
[proxirest.ma/menu/assets/vendor/fonts/flags/4x3/bn.svg]
[proxirest.ma/menu/assets/vendor/fonts/flags/1x1/bn.svg]
[proxirest.ma/menu/assets/vendor/fonts/flags/4x3/bo.svg]
[proxirest.ma/menu/assets/vendor/fonts/flags/1x1/bo.svg]
[proxirest.ma/menu/assets/vendor/fonts/flags/4x3/bq.svg]
[proxirest.ma/menu/assets/vendor/fonts/flags/1x1/bq.svg]
[proxirest.ma/menu/assets/vendor/fonts/flags/4x3/br.svg]
[proxirest.ma/menu/assets/vendor/fonts/flags/1x1/br.svg]
[proxirest.ma/menu/assets/vendor/fonts/flags/4x3/bs.svg]
[proxirest.ma/menu/assets/vendor/fonts/flags/1x1/bs.svg]
[proxirest.ma/menu/assets/vendor/fonts/flags/4x3/bt.svg]
[proxirest.ma/menu/assets/vendor/fonts/flags/1x1/bt.svg]
[proxirest.ma/menu/assets/vendor/fonts/flags/4x3/bv.svg]
[proxirest.ma/menu/assets/vendor/fonts/flags/1x1/bv.svg]
[proxirest.ma/menu/assets/vendor/fonts/flags/4x3/bw.svg]
[proxirest.ma/menu/assets/vendor/fonts/flags/1x1/bw.svg]
[proxirest.ma/menu/assets/vendor/fonts/flags/4x3/by.svg]
[proxirest.ma/menu/assets/vendor/fonts/flags/1x1/by.svg]
[proxirest.ma/menu/assets/vendor/fonts/flags/4x3/bz.svg]
[proxirest.ma/menu/assets/vendor/fonts/flags/1x1/bz.svg]
[proxirest.ma/menu/assets/vendor/fonts/flags/4x3/ca.svg]
[proxirest.ma/menu/assets/vendor/fonts/flags/1x1/ca.svg]
[proxirest.ma/menu/assets/vendor/fonts/flags/4x3/cc.svg]
[proxirest.ma/menu/assets/vendor/fonts/flags/1x1/cc.svg]
[proxirest.ma/menu/assets/vendor/fonts/flags/4x3/cd.svg]
[proxirest.ma/menu/assets/vendor/fonts/flags/1x1/cd.svg]
[proxirest.ma/menu/assets/vendor/fonts/flags/4x3/cf.svg]
[proxirest.ma/menu/assets/vendor/fonts/flags/1x1/cf.svg]
[proxirest.ma/menu/assets/vendor/fonts/flags/4x3/cg.svg]
[proxirest.ma/menu/assets/vendor/fonts/flags/1x1/cg.svg]
[proxirest.ma/menu/assets/vendor/fonts/flags/4x3/ch.svg]
[proxirest.ma/menu/assets/vendor/fonts/flags/1x1/ch.svg]
[proxirest.ma/menu/assets/vendor/fonts/flags/4x3/ci.svg]
[proxirest.ma/menu/assets/vendor/fonts/flags/1x1/ci.svg]
[proxirest.ma/menu/assets/vendor/fonts/flags/4x3/ck.svg]
[proxirest.ma/menu/assets/vendor/fonts/flags/1x1/ck.svg]
[proxirest.ma/menu/assets/vendor/fonts/flags/4x3/cl.svg]
[proxirest.ma/menu/assets/vendor/fonts/flags/1x1/cl.svg]
[proxirest.ma/menu/assets/vendor/fonts/flags/4x3/cm.svg]
[proxirest.ma/menu/assets/vendor/fonts/flags/1x1/cm.svg]
[proxirest.ma/menu/assets/vendor/fonts/flags/4x3/cn.svg]
[proxirest.ma/menu/assets/vendor/fonts/flags/1x1/cn.svg]
[proxirest.ma/menu/assets/vendor/fonts/flags/4x3/co.svg]
[proxirest.ma/menu/assets/vendor/fonts/flags/1x1/co.svg]
[proxirest.ma/menu/assets/vendor/fonts/flags/4x3/cr.svg]
[proxirest.ma/menu/assets/vendor/fonts/flags/1x1/cr.svg]
[proxirest.ma/menu/assets/vendor/fonts/flags/4x3/cu.svg]
[proxirest.ma/menu/assets/vendor/fonts/flags/1x1/cu.svg]
[proxirest.ma/menu/assets/vendor/fonts/flags/4x3/cv.svg]
[proxirest.ma/menu/assets/vendor/fonts/flags/1x1/cv.svg]
[proxirest.ma/menu/assets/vendor/fonts/flags/4x3/cw.svg]
[proxirest.ma/menu/assets/vendor/fonts/flags/1x1/cw.svg]
[proxirest.ma/menu/assets/vendor/fonts/flags/4x3/cx.svg]
[proxirest.ma/menu/assets/vendor/fonts/flags/1x1/cx.svg]
[proxirest.ma/menu/assets/vendor/fonts/flags/4x3/cy.svg]
[proxirest.ma/menu/assets/vendor/fonts/flags/1x1/cy.svg]
[proxirest.ma/menu/assets/vendor/fonts/flags/4x3/cz.svg]
[proxirest.ma/menu/assets/vendor/fonts/flags/1x1/cz.svg]
[proxirest.ma/menu/assets/vendor/fonts/flags/4x3/de.svg]
[proxirest.ma/menu/assets/vendor/fonts/flags/1x1/de.svg]
[proxirest.ma/menu/assets/vendor/fonts/flags/4x3/dj.svg]
[proxirest.ma/menu/assets/vendor/fonts/flags/1x1/dj.svg]
[proxirest.ma/menu/assets/vendor/fonts/flags/4x3/dk.svg]
[proxirest.ma/menu/assets/vendor/fonts/flags/1x1/dk.svg]
[proxirest.ma/menu/assets/vendor/fonts/flags/4x3/dm.svg]
[proxirest.ma/menu/assets/vendor/fonts/flags/1x1/dm.svg]
[proxirest.ma/menu/assets/vendor/fonts/flags/4x3/do.svg]
[proxirest.ma/menu/assets/vendor/fonts/flags/4x3/dz.svg]
[proxirest.ma/menu/assets/vendor/fonts/flags/1x1/do.svg]
[proxirest.ma/menu/assets/vendor/fonts/flags/1x1/dz.svg]
[proxirest.ma/menu/assets/vendor/fonts/flags/4x3/ec.svg]
[proxirest.ma/menu/assets/vendor/fonts/flags/1x1/ec.svg]
[proxirest.ma/menu/assets/vendor/fonts/flags/4x3/ee.svg]
[proxirest.ma/menu/assets/vendor/fonts/flags/1x1/ee.svg]
[proxirest.ma/menu/assets/vendor/fonts/flags/4x3/eg.svg]
[proxirest.ma/menu/assets/vendor/fonts/flags/1x1/eg.svg]
[proxirest.ma/menu/assets/vendor/fonts/flags/4x3/eh.svg]
[proxirest.ma/menu/assets/vendor/fonts/flags/1x1/eh.svg]
[proxirest.ma/menu/assets/vendor/fonts/flags/4x3/er.svg]
[proxirest.ma/menu/assets/vendor/fonts/flags/1x1/er.svg]
[proxirest.ma/menu/assets/vendor/fonts/flags/4x3/es.svg]
[proxirest.ma/menu/assets/vendor/fonts/flags/1x1/es.svg]
[proxirest.ma/menu/assets/vendor/fonts/flags/4x3/et.svg]
[proxirest.ma/menu/assets/vendor/fonts/flags/1x1/et.svg]
[proxirest.ma/menu/assets/vendor/fonts/flags/4x3/fi.svg]
[proxirest.ma/menu/assets/vendor/fonts/flags/1x1/fi.svg]
[proxirest.ma/menu/assets/vendor/fonts/flags/4x3/fj.svg]
[proxirest.ma/menu/assets/vendor/fonts/flags/1x1/fj.svg]
[proxirest.ma/menu/assets/vendor/fonts/flags/4x3/fk.svg]
[proxirest.ma/menu/assets/vendor/fonts/flags/1x1/fk.svg]
[proxirest.ma/menu/assets/vendor/fonts/flags/4x3/fm.svg]
[proxirest.ma/menu/assets/vendor/fonts/flags/1x1/fm.svg]
[proxirest.ma/menu/assets/vendor/fonts/flags/4x3/fo.svg]
[proxirest.ma/menu/assets/vendor/fonts/flags/1x1/fo.svg]
[proxirest.ma/menu/assets/vendor/fonts/flags/4x3/fr.svg]
[proxirest.ma/menu/assets/vendor/fonts/flags/1x1/fr.svg]
[proxirest.ma/menu/assets/vendor/fonts/flags/4x3/ga.svg]
[proxirest.ma/menu/assets/vendor/fonts/flags/1x1/ga.svg]
[proxirest.ma/menu/assets/vendor/fonts/flags/4x3/gb.svg]
[proxirest.ma/menu/assets/vendor/fonts/flags/1x1/gb.svg]
[proxirest.ma/menu/assets/vendor/fonts/flags/4x3/gd.svg]
[proxirest.ma/menu/assets/vendor/fonts/flags/1x1/gd.svg]
[proxirest.ma/menu/assets/vendor/fonts/flags/4x3/ge.svg]
[proxirest.ma/menu/assets/vendor/fonts/flags/1x1/ge.svg]
[proxirest.ma/menu/assets/vendor/fonts/flags/4x3/gf.svg]
[proxirest.ma/menu/assets/vendor/fonts/flags/1x1/gf.svg]
[proxirest.ma/menu/assets/vendor/fonts/flags/4x3/gg.svg]
[proxirest.ma/menu/assets/vendor/fonts/flags/1x1/gg.svg]
[proxirest.ma/menu/assets/vendor/fonts/flags/4x3/gh.svg]
[proxirest.ma/menu/assets/vendor/fonts/flags/1x1/gh.svg]
[proxirest.ma/menu/assets/vendor/fonts/flags/4x3/gi.svg]
[proxirest.ma/menu/assets/vendor/fonts/flags/1x1/gi.svg]
[proxirest.ma/menu/assets/vendor/fonts/flags/4x3/gl.svg]
[proxirest.ma/menu/assets/vendor/fonts/flags/1x1/gl.svg]
[proxirest.ma/menu/assets/vendor/fonts/flags/4x3/gm.svg]
[proxirest.ma/menu/assets/vendor/fonts/flags/1x1/gm.svg]
[proxirest.ma/menu/assets/vendor/fonts/flags/4x3/gn.svg]
[proxirest.ma/menu/assets/vendor/fonts/flags/1x1/gn.svg]
[proxirest.ma/menu/assets/vendor/fonts/flags/4x3/gp.svg]
[proxirest.ma/menu/assets/vendor/fonts/flags/1x1/gp.svg]
[proxirest.ma/menu/assets/vendor/fonts/flags/4x3/gq.svg]
[proxirest.ma/menu/assets/vendor/fonts/flags/1x1/gq.svg]
[proxirest.ma/menu/assets/vendor/fonts/flags/4x3/gr.svg]
[proxirest.ma/menu/assets/vendor/fonts/flags/1x1/gr.svg]
[proxirest.ma/menu/assets/vendor/fonts/flags/4x3/gs.svg]
[proxirest.ma/menu/assets/vendor/fonts/flags/1x1/gs.svg]
[proxirest.ma/menu/assets/vendor/fonts/flags/4x3/gt.svg]
[proxirest.ma/menu/assets/vendor/fonts/flags/1x1/gt.svg]
[proxirest.ma/menu/assets/vendor/fonts/flags/4x3/gu.svg]
[proxirest.ma/menu/assets/vendor/fonts/flags/1x1/gu.svg]
[proxirest.ma/menu/assets/vendor/fonts/flags/4x3/gw.svg]
[proxirest.ma/menu/assets/vendor/fonts/flags/1x1/gw.svg]
[proxirest.ma/menu/assets/vendor/fonts/flags/4x3/gy.svg]
[proxirest.ma/menu/assets/vendor/fonts/flags/1x1/gy.svg]
[proxirest.ma/menu/assets/vendor/fonts/flags/4x3/hk.svg]
[proxirest.ma/menu/assets/vendor/fonts/flags/1x1/hk.svg]
[proxirest.ma/menu/assets/vendor/fonts/flags/4x3/hm.svg]
[proxirest.ma/menu/assets/vendor/fonts/flags/1x1/hm.svg]
[proxirest.ma/menu/assets/vendor/fonts/flags/4x3/hn.svg]
[proxirest.ma/menu/assets/vendor/fonts/flags/1x1/hn.svg]
[proxirest.ma/menu/assets/vendor/fonts/flags/4x3/hr.svg]
[proxirest.ma/menu/assets/vendor/fonts/flags/1x1/hr.svg]
[proxirest.ma/menu/assets/vendor/fonts/flags/4x3/ht.svg]
[proxirest.ma/menu/assets/vendor/fonts/flags/1x1/ht.svg]
[proxirest.ma/menu/assets/vendor/fonts/flags/4x3/hu.svg]
[proxirest.ma/menu/assets/vendor/fonts/flags/1x1/hu.svg]
[proxirest.ma/menu/assets/vendor/fonts/flags/4x3/id.svg]
[proxirest.ma/menu/assets/vendor/fonts/flags/1x1/id.svg]
[proxirest.ma/menu/assets/vendor/fonts/flags/4x3/ie.svg]
[proxirest.ma/menu/assets/vendor/fonts/flags/1x1/ie.svg]
[proxirest.ma/menu/assets/vendor/fonts/flags/4x3/il.svg]
[proxirest.ma/menu/assets/vendor/fonts/flags/1x1/il.svg]
[proxirest.ma/menu/assets/vendor/fonts/flags/4x3/im.svg]
[proxirest.ma/menu/assets/vendor/fonts/flags/1x1/im.svg]
[proxirest.ma/menu/assets/vendor/fonts/flags/4x3/in.svg]
[proxirest.ma/menu/assets/vendor/fonts/flags/1x1/in.svg]
[proxirest.ma/menu/assets/vendor/fonts/flags/4x3/io.svg]
[proxirest.ma/menu/assets/vendor/fonts/flags/1x1/io.svg]
[proxirest.ma/menu/assets/vendor/fonts/flags/4x3/iq.svg]
[proxirest.ma/menu/assets/vendor/fonts/flags/1x1/iq.svg]
[proxirest.ma/menu/assets/vendor/fonts/flags/4x3/ir.svg]
[proxirest.ma/menu/assets/vendor/fonts/flags/1x1/ir.svg]
[proxirest.ma/menu/assets/vendor/fonts/flags/4x3/is.svg]
[proxirest.ma/menu/assets/vendor/fonts/flags/1x1/is.svg]
[proxirest.ma/menu/assets/vendor/fonts/flags/4x3/it.svg]
[proxirest.ma/menu/assets/vendor/fonts/flags/1x1/it.svg]
[proxirest.ma/menu/assets/vendor/fonts/flags/4x3/je.svg]
[proxirest.ma/menu/assets/vendor/fonts/flags/1x1/je.svg]
[proxirest.ma/menu/assets/vendor/fonts/flags/4x3/jm.svg]
[proxirest.ma/menu/assets/vendor/fonts/flags/1x1/jm.svg]
[proxirest.ma/menu/assets/vendor/fonts/flags/4x3/jo.svg]
[proxirest.ma/menu/assets/vendor/fonts/flags/1x1/jo.svg]
[proxirest.ma/menu/assets/vendor/fonts/flags/4x3/jp.svg]
[proxirest.ma/menu/assets/vendor/fonts/flags/1x1/jp.svg]
[proxirest.ma/menu/assets/vendor/fonts/flags/4x3/ke.svg]
[proxirest.ma/menu/assets/vendor/fonts/flags/1x1/ke.svg]
[proxirest.ma/menu/assets/vendor/fonts/flags/4x3/kg.svg]
[proxirest.ma/menu/assets/vendor/fonts/flags/1x1/kg.svg]
[proxirest.ma/menu/assets/vendor/fonts/flags/4x3/kh.svg]
[proxirest.ma/menu/assets/vendor/fonts/flags/1x1/kh.svg]
[proxirest.ma/menu/assets/vendor/fonts/flags/4x3/ki.svg]
[proxirest.ma/menu/assets/vendor/fonts/flags/1x1/ki.svg]
[proxirest.ma/menu/assets/vendor/fonts/flags/4x3/km.svg]
[proxirest.ma/menu/assets/vendor/fonts/flags/1x1/km.svg]
[proxirest.ma/menu/assets/vendor/fonts/flags/4x3/kn.svg]
[proxirest.ma/menu/assets/vendor/fonts/flags/1x1/kn.svg]
[proxirest.ma/menu/assets/vendor/fonts/flags/4x3/kp.svg]
[proxirest.ma/menu/assets/vendor/fonts/flags/1x1/kp.svg]
[proxirest.ma/menu/assets/vendor/fonts/flags/4x3/kr.svg]
[proxirest.ma/menu/assets/vendor/fonts/flags/1x1/kr.svg]
[proxirest.ma/menu/assets/vendor/fonts/flags/4x3/kw.svg]
[proxirest.ma/menu/assets/vendor/fonts/flags/1x1/kw.svg]
[proxirest.ma/menu/assets/vendor/fonts/flags/4x3/ky.svg]
[proxirest.ma/menu/assets/vendor/fonts/flags/1x1/ky.svg]
[proxirest.ma/menu/assets/vendor/fonts/flags/4x3/kz.svg]
[proxirest.ma/menu/assets/vendor/fonts/flags/1x1/kz.svg]
[proxirest.ma/menu/assets/vendor/fonts/flags/4x3/la.svg]
[proxirest.ma/menu/assets/vendor/fonts/flags/1x1/la.svg]
[proxirest.ma/menu/assets/vendor/fonts/flags/4x3/lb.svg]
[proxirest.ma/menu/assets/vendor/fonts/flags/1x1/lb.svg]
[proxirest.ma/menu/assets/vendor/fonts/flags/4x3/lc.svg]
[proxirest.ma/menu/assets/vendor/fonts/flags/1x1/lc.svg]
[proxirest.ma/menu/assets/vendor/fonts/flags/4x3/li.svg]
[proxirest.ma/menu/assets/vendor/fonts/flags/1x1/li.svg]
[proxirest.ma/menu/assets/vendor/fonts/flags/4x3/lk.svg]
[proxirest.ma/menu/assets/vendor/fonts/flags/1x1/lk.svg]
[proxirest.ma/menu/assets/vendor/fonts/flags/4x3/lr.svg]
[proxirest.ma/menu/assets/vendor/fonts/flags/1x1/lr.svg]
[proxirest.ma/menu/assets/vendor/fonts/flags/4x3/ls.svg]
[proxirest.ma/menu/assets/vendor/fonts/flags/1x1/ls.svg]
[proxirest.ma/menu/assets/vendor/fonts/flags/4x3/lt.svg]
[proxirest.ma/menu/assets/vendor/fonts/flags/1x1/lt.svg]
[proxirest.ma/menu/assets/vendor/fonts/flags/4x3/lu.svg]
[proxirest.ma/menu/assets/vendor/fonts/flags/1x1/lu.svg]
[proxirest.ma/menu/assets/vendor/fonts/flags/4x3/lv.svg]
[proxirest.ma/menu/assets/vendor/fonts/flags/1x1/lv.svg]
[proxirest.ma/menu/assets/vendor/fonts/flags/4x3/ly.svg]
[proxirest.ma/menu/assets/vendor/fonts/flags/1x1/ly.svg]
[proxirest.ma/menu/assets/vendor/fonts/flags/4x3/ma.svg]
[proxirest.ma/menu/assets/vendor/fonts/flags/1x1/ma.svg]
[proxirest.ma/menu/assets/vendor/fonts/flags/4x3/mc.svg]
[proxirest.ma/menu/assets/vendor/fonts/flags/1x1/mc.svg]
[proxirest.ma/menu/assets/vendor/fonts/flags/4x3/md.svg]
[proxirest.ma/menu/assets/vendor/fonts/flags/1x1/md.svg]
[proxirest.ma/menu/assets/vendor/fonts/flags/4x3/me.svg]
[proxirest.ma/menu/assets/vendor/fonts/flags/1x1/me.svg]
[proxirest.ma/menu/assets/vendor/fonts/flags/4x3/mf.svg]
[proxirest.ma/menu/assets/vendor/fonts/flags/1x1/mf.svg]
[proxirest.ma/menu/assets/vendor/fonts/flags/4x3/mg.svg]
[proxirest.ma/menu/assets/vendor/fonts/flags/1x1/mg.svg]
[proxirest.ma/menu/assets/vendor/fonts/flags/4x3/mh.svg]
[proxirest.ma/menu/assets/vendor/fonts/flags/1x1/mh.svg]
[proxirest.ma/menu/assets/vendor/fonts/flags/4x3/mk.svg]
[proxirest.ma/menu/assets/vendor/fonts/flags/1x1/mk.svg]
[proxirest.ma/menu/assets/vendor/fonts/flags/4x3/ml.svg]
[proxirest.ma/menu/assets/vendor/fonts/flags/1x1/ml.svg]
[proxirest.ma/menu/assets/vendor/fonts/flags/4x3/mm.svg]
[proxirest.ma/menu/assets/vendor/fonts/flags/1x1/mm.svg]
[proxirest.ma/menu/assets/vendor/fonts/flags/4x3/mn.svg]
[proxirest.ma/menu/assets/vendor/fonts/flags/1x1/mn.svg]
[proxirest.ma/menu/assets/vendor/fonts/flags/4x3/mo.svg]
[proxirest.ma/menu/assets/vendor/fonts/flags/1x1/mo.svg]
[proxirest.ma/menu/assets/vendor/fonts/flags/4x3/mp.svg]
[proxirest.ma/menu/assets/vendor/fonts/flags/1x1/mp.svg]
[proxirest.ma/menu/assets/vendor/fonts/flags/4x3/mq.svg]
[proxirest.ma/menu/assets/vendor/fonts/flags/1x1/mq.svg]
[proxirest.ma/menu/assets/vendor/fonts/flags/4x3/mr.svg]
[proxirest.ma/menu/assets/vendor/fonts/flags/1x1/mr.svg]
[proxirest.ma/menu/assets/vendor/fonts/flags/4x3/ms.svg]
[proxirest.ma/menu/assets/vendor/fonts/flags/1x1/ms.svg]
[proxirest.ma/menu/assets/vendor/fonts/flags/4x3/mt.svg]
[proxirest.ma/menu/assets/vendor/fonts/flags/1x1/mt.svg]
[proxirest.ma/menu/assets/vendor/fonts/flags/4x3/mu.svg]
[proxirest.ma/menu/assets/vendor/fonts/flags/1x1/mu.svg]
[proxirest.ma/menu/assets/vendor/fonts/flags/4x3/mv.svg]
[proxirest.ma/menu/assets/vendor/fonts/flags/1x1/mv.svg]
[proxirest.ma/menu/assets/vendor/fonts/flags/4x3/mw.svg]
[proxirest.ma/menu/assets/vendor/fonts/flags/1x1/mw.svg]
[proxirest.ma/menu/assets/vendor/fonts/flags/4x3/mx.svg]
[proxirest.ma/menu/assets/vendor/fonts/flags/4x3/my.svg]
[proxirest.ma/menu/assets/vendor/fonts/flags/1x1/mx.svg]
[proxirest.ma/menu/assets/vendor/fonts/flags/1x1/my.svg]
[proxirest.ma/menu/assets/vendor/fonts/flags/4x3/mz.svg]
[proxirest.ma/menu/assets/vendor/fonts/flags/1x1/mz.svg]
[proxirest.ma/menu/assets/vendor/fonts/flags/4x3/na.svg]
[proxirest.ma/menu/assets/vendor/fonts/flags/1x1/na.svg]
[proxirest.ma/menu/assets/vendor/fonts/flags/4x3/nc.svg]
[proxirest.ma/menu/assets/vendor/fonts/flags/1x1/nc.svg]
[proxirest.ma/menu/assets/vendor/fonts/flags/4x3/ne.svg]
[proxirest.ma/menu/assets/vendor/fonts/flags/1x1/ne.svg]
[proxirest.ma/menu/assets/vendor/fonts/flags/4x3/nf.svg]
[proxirest.ma/menu/assets/vendor/fonts/flags/1x1/nf.svg]
[proxirest.ma/menu/assets/vendor/fonts/flags/4x3/ng.svg]
[proxirest.ma/menu/assets/vendor/fonts/flags/1x1/ng.svg]
[proxirest.ma/menu/assets/vendor/fonts/flags/4x3/ni.svg]
[proxirest.ma/menu/assets/vendor/fonts/flags/1x1/ni.svg]
[proxirest.ma/menu/assets/vendor/fonts/flags/4x3/nl.svg]
[proxirest.ma/menu/assets/vendor/fonts/flags/1x1/nl.svg]
[proxirest.ma/menu/assets/vendor/fonts/flags/4x3/no.svg]
[proxirest.ma/menu/assets/vendor/fonts/flags/1x1/no.svg]
[proxirest.ma/menu/assets/vendor/fonts/flags/4x3/np.svg]
[proxirest.ma/menu/assets/vendor/fonts/flags/1x1/np.svg]
[proxirest.ma/menu/assets/vendor/fonts/flags/4x3/nr.svg]
[proxirest.ma/menu/assets/vendor/fonts/flags/1x1/nr.svg]
[proxirest.ma/menu/assets/vendor/fonts/flags/4x3/nu.svg]
[proxirest.ma/menu/assets/vendor/fonts/flags/1x1/nu.svg]
[proxirest.ma/menu/assets/vendor/fonts/flags/4x3/nz.svg]
[proxirest.ma/menu/assets/vendor/fonts/flags/1x1/nz.svg]
[proxirest.ma/menu/assets/vendor/fonts/flags/4x3/om.svg]
[proxirest.ma/menu/assets/vendor/fonts/flags/1x1/om.svg]
[proxirest.ma/menu/assets/vendor/fonts/flags/4x3/pa.svg]
[proxirest.ma/menu/assets/vendor/fonts/flags/1x1/pa.svg]
[proxirest.ma/menu/assets/vendor/fonts/flags/4x3/pe.svg]
[proxirest.ma/menu/assets/vendor/fonts/flags/1x1/pe.svg]
[proxirest.ma/menu/assets/vendor/fonts/flags/4x3/pf.svg]
[proxirest.ma/menu/assets/vendor/fonts/flags/1x1/pf.svg]
[proxirest.ma/menu/assets/vendor/fonts/flags/4x3/pg.svg]
[proxirest.ma/menu/assets/vendor/fonts/flags/1x1/pg.svg]
[proxirest.ma/menu/assets/vendor/fonts/flags/4x3/ph.svg]
[proxirest.ma/menu/assets/vendor/fonts/flags/1x1/ph.svg]
[proxirest.ma/menu/assets/vendor/fonts/flags/4x3/pk.svg]
[proxirest.ma/menu/assets/vendor/fonts/flags/1x1/pk.svg]
[proxirest.ma/menu/assets/vendor/fonts/flags/4x3/pl.svg]
[proxirest.ma/menu/assets/vendor/fonts/flags/1x1/pl.svg]
[proxirest.ma/menu/assets/vendor/fonts/flags/4x3/pm.svg]
[proxirest.ma/menu/assets/vendor/fonts/flags/1x1/pm.svg]
[proxirest.ma/menu/assets/vendor/fonts/flags/4x3/pn.svg]
[proxirest.ma/menu/assets/vendor/fonts/flags/1x1/pn.svg]
[proxirest.ma/menu/assets/vendor/fonts/flags/4x3/pr.svg]
[proxirest.ma/menu/assets/vendor/fonts/flags/1x1/pr.svg]
[proxirest.ma/menu/assets/vendor/fonts/flags/4x3/ps.svg]
[proxirest.ma/menu/assets/vendor/fonts/flags/1x1/ps.svg]
[proxirest.ma/menu/assets/vendor/fonts/flags/4x3/pt.svg]
[proxirest.ma/menu/assets/vendor/fonts/flags/1x1/pt.svg]
[proxirest.ma/menu/assets/vendor/fonts/flags/4x3/pw.svg]
[proxirest.ma/menu/assets/vendor/fonts/flags/1x1/pw.svg]
[proxirest.ma/menu/assets/vendor/fonts/flags/4x3/py.svg]
[proxirest.ma/menu/assets/vendor/fonts/flags/1x1/py.svg]
[proxirest.ma/menu/assets/vendor/fonts/flags/4x3/qa.svg]
[proxirest.ma/menu/assets/vendor/fonts/flags/1x1/qa.svg]
[proxirest.ma/menu/assets/vendor/fonts/flags/4x3/re.svg]
[proxirest.ma/menu/assets/vendor/fonts/flags/1x1/re.svg]
[proxirest.ma/menu/assets/vendor/fonts/flags/4x3/ro.svg]
[proxirest.ma/menu/assets/vendor/fonts/flags/1x1/ro.svg]
[proxirest.ma/menu/assets/vendor/fonts/flags/4x3/rs.svg]
[proxirest.ma/menu/assets/vendor/fonts/flags/4x3/ru.svg]
[proxirest.ma/menu/assets/vendor/fonts/flags/1x1/rs.svg]
[proxirest.ma/menu/assets/vendor/fonts/flags/1x1/ru.svg]
[proxirest.ma/menu/assets/vendor/fonts/flags/4x3/rw.svg]
[proxirest.ma/menu/assets/vendor/fonts/flags/1x1/rw.svg]
[proxirest.ma/menu/assets/vendor/fonts/flags/4x3/sa.svg]
[proxirest.ma/menu/assets/vendor/fonts/flags/1x1/sa.svg]
[proxirest.ma/menu/assets/vendor/fonts/flags/4x3/sb.svg]
[proxirest.ma/menu/assets/vendor/fonts/flags/1x1/sb.svg]
[proxirest.ma/menu/assets/vendor/fonts/flags/4x3/sc.svg]
[proxirest.ma/menu/assets/vendor/fonts/flags/1x1/sc.svg]
[proxirest.ma/menu/assets/vendor/fonts/flags/4x3/sd.svg]
[proxirest.ma/menu/assets/vendor/fonts/flags/1x1/sd.svg]
[proxirest.ma/menu/assets/vendor/fonts/flags/4x3/se.svg]
[proxirest.ma/menu/assets/vendor/fonts/flags/1x1/se.svg]
[proxirest.ma/menu/assets/vendor/fonts/flags/4x3/sg.svg]
[proxirest.ma/menu/assets/vendor/fonts/flags/1x1/sg.svg]
[proxirest.ma/menu/assets/vendor/fonts/flags/4x3/sh.svg]
[proxirest.ma/menu/assets/vendor/fonts/flags/1x1/sh.svg]
[proxirest.ma/menu/assets/vendor/fonts/flags/4x3/si.svg]
[proxirest.ma/menu/assets/vendor/fonts/flags/1x1/si.svg]
[proxirest.ma/menu/assets/vendor/fonts/flags/4x3/sj.svg]
[proxirest.ma/menu/assets/vendor/fonts/flags/1x1/sj.svg]
[proxirest.ma/menu/assets/vendor/fonts/flags/4x3/sk.svg]
[proxirest.ma/menu/assets/vendor/fonts/flags/1x1/sk.svg]
[proxirest.ma/menu/assets/vendor/fonts/flags/4x3/sl.svg]
[proxirest.ma/menu/assets/vendor/fonts/flags/1x1/sl.svg]
[proxirest.ma/menu/assets/vendor/fonts/flags/4x3/sm.svg]
[proxirest.ma/menu/assets/vendor/fonts/flags/1x1/sm.svg]
[proxirest.ma/menu/assets/vendor/fonts/flags/4x3/sn.svg]
[proxirest.ma/menu/assets/vendor/fonts/flags/1x1/sn.svg]
[proxirest.ma/menu/assets/vendor/fonts/flags/4x3/so.svg]
[proxirest.ma/menu/assets/vendor/fonts/flags/1x1/so.svg]
[proxirest.ma/menu/assets/vendor/fonts/flags/4x3/sr.svg]
[proxirest.ma/menu/assets/vendor/fonts/flags/1x1/sr.svg]
[proxirest.ma/menu/assets/vendor/fonts/flags/4x3/ss.svg]
[proxirest.ma/menu/assets/vendor/fonts/flags/1x1/ss.svg]
[proxirest.ma/menu/assets/vendor/fonts/flags/4x3/st.svg]
[proxirest.ma/menu/assets/vendor/fonts/flags/1x1/st.svg]
[proxirest.ma/menu/assets/vendor/fonts/flags/4x3/sv.svg]
[proxirest.ma/menu/assets/vendor/fonts/flags/1x1/sv.svg]
[proxirest.ma/menu/assets/vendor/fonts/flags/4x3/sx.svg]
[proxirest.ma/menu/assets/vendor/fonts/flags/1x1/sx.svg]
[proxirest.ma/menu/assets/vendor/fonts/flags/4x3/sy.svg]
[proxirest.ma/menu/assets/vendor/fonts/flags/1x1/sy.svg]
[proxirest.ma/menu/assets/vendor/fonts/flags/4x3/sz.svg]
[proxirest.ma/menu/assets/vendor/fonts/flags/1x1/sz.svg]
[proxirest.ma/menu/assets/vendor/fonts/flags/4x3/tc.svg]
[proxirest.ma/menu/assets/vendor/fonts/flags/1x1/tc.svg]
[proxirest.ma/menu/assets/vendor/fonts/flags/4x3/td.svg]
[proxirest.ma/menu/assets/vendor/fonts/flags/1x1/td.svg]
[proxirest.ma/menu/assets/vendor/fonts/flags/4x3/tf.svg]
[proxirest.ma/menu/assets/vendor/fonts/flags/1x1/tf.svg]
[proxirest.ma/menu/assets/vendor/fonts/flags/4x3/tg.svg]
[proxirest.ma/menu/assets/vendor/fonts/flags/1x1/tg.svg]
[proxirest.ma/menu/assets/vendor/fonts/flags/4x3/th.svg]
[proxirest.ma/menu/assets/vendor/fonts/flags/1x1/th.svg]
[proxirest.ma/menu/assets/vendor/fonts/flags/4x3/tj.svg]
[proxirest.ma/menu/assets/vendor/fonts/flags/1x1/tj.svg]
[proxirest.ma/menu/assets/vendor/fonts/flags/4x3/tk.svg]
[proxirest.ma/menu/assets/vendor/fonts/flags/1x1/tk.svg]
[proxirest.ma/menu/assets/vendor/fonts/flags/4x3/tl.svg]
[proxirest.ma/menu/assets/vendor/fonts/flags/1x1/tl.svg]
[proxirest.ma/menu/assets/vendor/fonts/flags/4x3/tm.svg]
[proxirest.ma/menu/assets/vendor/fonts/flags/1x1/tm.svg]
[proxirest.ma/menu/assets/vendor/fonts/flags/4x3/tn.svg]
[proxirest.ma/menu/assets/vendor/fonts/flags/1x1/tn.svg]
[proxirest.ma/menu/assets/vendor/fonts/flags/4x3/to.svg]
[proxirest.ma/menu/assets/vendor/fonts/flags/1x1/to.svg]
[proxirest.ma/menu/assets/vendor/fonts/flags/4x3/tr.svg]
[proxirest.ma/menu/assets/vendor/fonts/flags/1x1/tr.svg]
[proxirest.ma/menu/assets/vendor/fonts/flags/4x3/tt.svg]
[proxirest.ma/menu/assets/vendor/fonts/flags/1x1/tt.svg]
[proxirest.ma/menu/assets/vendor/fonts/flags/4x3/tv.svg]
[proxirest.ma/menu/assets/vendor/fonts/flags/1x1/tv.svg]
[proxirest.ma/menu/assets/vendor/fonts/flags/4x3/tw.svg]
[proxirest.ma/menu/assets/vendor/fonts/flags/1x1/tw.svg]
[proxirest.ma/menu/assets/vendor/fonts/flags/4x3/tz.svg]
[proxirest.ma/menu/assets/vendor/fonts/flags/1x1/tz.svg]
[proxirest.ma/menu/assets/vendor/fonts/flags/4x3/ua.svg]
[proxirest.ma/menu/assets/vendor/fonts/flags/1x1/ua.svg]
[proxirest.ma/menu/assets/vendor/fonts/flags/4x3/ug.svg]
[proxirest.ma/menu/assets/vendor/fonts/flags/1x1/ug.svg]
[proxirest.ma/menu/assets/vendor/fonts/flags/4x3/um.svg]
[proxirest.ma/menu/assets/vendor/fonts/flags/1x1/um.svg]
[proxirest.ma/menu/assets/vendor/fonts/flags/4x3/us.svg]
[proxirest.ma/menu/assets/vendor/fonts/flags/1x1/us.svg]
[proxirest.ma/menu/assets/vendor/fonts/flags/4x3/uy.svg]
[proxirest.ma/menu/assets/vendor/fonts/flags/1x1/uy.svg]
[proxirest.ma/menu/assets/vendor/fonts/flags/4x3/uz.svg]
[proxirest.ma/menu/assets/vendor/fonts/flags/1x1/uz.svg]
[proxirest.ma/menu/assets/vendor/fonts/flags/4x3/va.svg]
[proxirest.ma/menu/assets/vendor/fonts/flags/1x1/va.svg]
[proxirest.ma/menu/assets/vendor/fonts/flags/4x3/vc.svg]
[proxirest.ma/menu/assets/vendor/fonts/flags/1x1/vc.svg]
[proxirest.ma/menu/assets/vendor/fonts/flags/4x3/ve.svg]
[proxirest.ma/menu/assets/vendor/fonts/flags/1x1/ve.svg]
[proxirest.ma/menu/assets/vendor/fonts/flags/4x3/vg.svg]
[proxirest.ma/menu/assets/vendor/fonts/flags/1x1/vg.svg]
[proxirest.ma/menu/assets/vendor/fonts/flags/4x3/vi.svg]
[proxirest.ma/menu/assets/vendor/fonts/flags/1x1/vi.svg]
[proxirest.ma/menu/assets/vendor/fonts/flags/4x3/vn.svg]
[proxirest.ma/menu/assets/vendor/fonts/flags/1x1/vn.svg]
[proxirest.ma/menu/assets/vendor/fonts/flags/4x3/vu.svg]
[proxirest.ma/menu/assets/vendor/fonts/flags/1x1/vu.svg]
[proxirest.ma/menu/assets/vendor/fonts/flags/4x3/wf.svg]
[proxirest.ma/menu/assets/vendor/fonts/flags/1x1/wf.svg]
[proxirest.ma/menu/assets/vendor/fonts/flags/4x3/ws.svg]
[proxirest.ma/menu/assets/vendor/fonts/flags/1x1/ws.svg]
[proxirest.ma/menu/assets/vendor/fonts/flags/4x3/ye.svg]
[proxirest.ma/menu/assets/vendor/fonts/flags/1x1/ye.svg]
[proxirest.ma/menu/assets/vendor/fonts/flags/4x3/yt.svg]
[proxirest.ma/menu/assets/vendor/fonts/flags/1x1/yt.svg]
[proxirest.ma/menu/assets/vendor/fonts/flags/4x3/za.svg]
[proxirest.ma/menu/assets/vendor/fonts/flags/1x1/za.svg]
[proxirest.ma/menu/assets/vendor/fonts/flags/4x3/zm.svg]
[proxirest.ma/menu/assets/vendor/fonts/flags/1x1/zm.svg]
[proxirest.ma/menu/assets/vendor/fonts/flags/4x3/zw.svg]
[proxirest.ma/menu/assets/vendor/fonts/flags/1x1/zw.svg]
[proxirest.ma/menu/assets/vendor/fonts/flags/4x3/ac.svg]
[proxirest.ma/menu/assets/vendor/fonts/flags/1x1/ac.svg]
[proxirest.ma/menu/assets/vendor/fonts/flags/4x3/cp.svg]
[proxirest.ma/menu/assets/vendor/fonts/flags/1x1/cp.svg]
[proxirest.ma/menu/assets/vendor/fonts/flags/4x3/dg.svg]
[proxirest.ma/menu/assets/vendor/fonts/flags/1x1/dg.svg]
[proxirest.ma/menu/assets/vendor/fonts/flags/4x3/ea.svg]
[proxirest.ma/menu/assets/vendor/fonts/flags/1x1/ea.svg]
[proxirest.ma/menu/assets/vendor/fonts/flags/4x3/es-ct.svg]
[proxirest.ma/menu/assets/vendor/fonts/flags/1x1/es-ct.svg]
[proxirest.ma/menu/assets/vendor/fonts/flags/4x3/es-ga.svg]
[proxirest.ma/menu/assets/vendor/fonts/flags/1x1/es-ga.svg]
[proxirest.ma/menu/assets/vendor/fonts/flags/4x3/eu.svg]
[proxirest.ma/menu/assets/vendor/fonts/flags/1x1/eu.svg]
[proxirest.ma/menu/assets/vendor/fonts/flags/4x3/gb-eng.svg]
[proxirest.ma/menu/assets/vendor/fonts/flags/1x1/gb-eng.svg]
[proxirest.ma/menu/assets/vendor/fonts/flags/4x3/gb-nir.svg]
[proxirest.ma/menu/assets/vendor/fonts/flags/1x1/gb-nir.svg]
[proxirest.ma/menu/assets/vendor/fonts/flags/4x3/gb-sct.svg]
[proxirest.ma/menu/assets/vendor/fonts/flags/1x1/gb-sct.svg]
[proxirest.ma/menu/assets/vendor/fonts/flags/4x3/gb-wls.svg]
[proxirest.ma/menu/assets/vendor/fonts/flags/1x1/gb-wls.svg]
[proxirest.ma/menu/assets/vendor/fonts/flags/4x3/ic.svg]
[proxirest.ma/menu/assets/vendor/fonts/flags/1x1/ic.svg]
[proxirest.ma/menu/assets/vendor/fonts/flags/4x3/ta.svg]
[proxirest.ma/menu/assets/vendor/fonts/flags/1x1/ta.svg]
[proxirest.ma/menu/assets/vendor/fonts/flags/4x3/un.svg]
[proxirest.ma/menu/assets/vendor/fonts/flags/1x1/un.svg]
[proxirest.ma/menu/assets/vendor/fonts/flags/4x3/xk.svg]
[proxirest.ma/menu/assets/vendor/fonts/flags/1x1/xk.svg]
[proxirest.ma/menu/assets/vendor/fonts/flag-icons.css]
[proxirest.ma/menu/assets/vendor/css/rtl/core.css]
[proxirest.ma/menu/assets/vendor/css/rtl/theme-default.css]
[proxirest.ma/menu/assets/css/demo.css]
[proxirest.ma/menu/assets/vendor/libs/node-waves/node-waves.css]
[proxirest.ma/menu/assets/vendor/libs/perfect-scrollbar/perfect-scrollbar.css]
[proxirest.ma/menu/assets/vendor/libs/typeahead-js/typeahead.css]
[proxirest.ma/menu/assets/vendor/libs/flatpickr/flatpickr.css]
[proxirest.ma/menu/assets/vendor/libs/bootstrap-datepicker/bootstrap-datepicker.css]
[proxirest.ma/menu/assets/vendor/libs/bootstrap-daterangepicker/bootstrap-daterangepicker.css]
[proxirest.ma/menu/assets/vendor/libs/jquery-timepicker/jquery-timepicker.css]
[proxirest.ma/menu/assets/vendor/libs/pickr/pickr-themes.css]
[proxirest.ma/menu/assets/vendor/css/pages/app-invoice.css]
[proxirest.ma/menu/assets/vendor/libs/select2/select2.css]
[proxirest.ma/menu/assets/vendor/libs/tagify/tagify.css]
[proxirest.ma/menu/assets/vendor/libs/bootstrap-select/bootstrap-select.css]
[proxirest.ma/menu/assets/vendor/fonts/tabler/tabler-icons.html]
[proxirest.ma/menu/assets/vendor/fonts/flags/4x3/xx.svg]
[proxirest.ma/menu/assets/vendor/fonts/flags/1x1/xx.svg]
[proxirest.ma/menu/assets/vendor/fonts/flags/4x3/ad.svg]
[proxirest.ma/menu/assets/vendor/fonts/flags/1x1/ad.svg]
[proxirest.ma/menu/assets/vendor/fonts/flags/4x3/ae.svg]
[proxirest.ma/menu/assets/vendor/fonts/flags/1x1/ae.svg]
[proxirest.ma/menu/assets/vendor/fonts/flags/4x3/af.svg]
[proxirest.ma/menu/assets/vendor/fonts/flags/1x1/af.svg]
[proxirest.ma/menu/assets/vendor/fonts/flags/4x3/ag.svg]
[proxirest.ma/menu/assets/vendor/fonts/flags/1x1/ag.svg]
[proxirest.ma/menu/assets/vendor/fonts/flags/4x3/ai.svg]
[proxirest.ma/menu/assets/vendor/fonts/flags/1x1/ai.svg]
[proxirest.ma/menu/assets/vendor/fonts/flags/4x3/al.svg]
[proxirest.ma/menu/assets/vendor/fonts/flags/1x1/al.svg]
[proxirest.ma/menu/assets/vendor/fonts/flags/4x3/am.svg]
[proxirest.ma/menu/assets/vendor/fonts/flags/1x1/am.svg]
[proxirest.ma/menu/assets/vendor/fonts/flags/4x3/ao.svg]
[proxirest.ma/menu/assets/vendor/fonts/flags/1x1/ao.svg]
[proxirest.ma/menu/assets/vendor/fonts/flags/4x3/aq.svg]
[proxirest.ma/menu/assets/vendor/fonts/flags/1x1/aq.svg]
[proxirest.ma/menu/assets/vendor/fonts/flags/4x3/ar.svg]
[proxirest.ma/menu/assets/vendor/fonts/flags/1x1/ar.svg]
[proxirest.ma/menu/assets/vendor/fonts/flags/4x3/as.svg]
[proxirest.ma/menu/assets/vendor/fonts/flags/1x1/as.svg]
[proxirest.ma/menu/assets/vendor/fonts/flags/4x3/at.svg]
[proxirest.ma/menu/assets/vendor/fonts/flags/1x1/at.svg]
[proxirest.ma/menu/assets/vendor/fonts/flags/4x3/au.svg]
[proxirest.ma/menu/assets/vendor/fonts/flags/1x1/au.svg]
[proxirest.ma/menu/assets/vendor/fonts/flags/4x3/aw.svg]
[proxirest.ma/menu/assets/vendor/fonts/flags/1x1/aw.svg]
[proxirest.ma/menu/assets/vendor/fonts/flags/4x3/ax.svg]
[proxirest.ma/menu/assets/vendor/fonts/flags/1x1/ax.svg]
[proxirest.ma/menu/assets/vendor/fonts/flags/4x3/az.svg]
[proxirest.ma/menu/assets/vendor/fonts/flags/1x1/az.svg]
[proxirest.ma/menu/assets/vendor/fonts/flags/4x3/ba.svg]
[proxirest.ma/menu/assets/vendor/fonts/flags/1x1/ba.svg]
[proxirest.ma/menu/assets/vendor/fonts/flags/4x3/bb.svg]
[proxirest.ma/menu/assets/vendor/fonts/flags/1x1/bb.svg]
[proxirest.ma/menu/assets/vendor/fonts/flags/4x3/bd.svg]
[proxirest.ma/menu/assets/vendor/fonts/flags/1x1/bd.svg]
[proxirest.ma/menu/assets/vendor/fonts/flags/4x3/be.svg]
[proxirest.ma/menu/assets/vendor/fonts/flags/1x1/be.svg]
[proxirest.ma/menu/assets/vendor/fonts/flags/4x3/bf.svg]
[proxirest.ma/menu/assets/vendor/fonts/flags/1x1/bf.svg]
[proxirest.ma/menu/assets/vendor/fonts/flags/4x3/bg.svg]
[proxirest.ma/menu/assets/vendor/fonts/flags/1x1/bg.svg]
[proxirest.ma/menu/assets/vendor/fonts/flags/4x3/bh.svg]
[proxirest.ma/menu/assets/vendor/fonts/flags/1x1/bh.svg]
[proxirest.ma/menu/assets/vendor/fonts/flags/4x3/bi.svg]
[proxirest.ma/menu/assets/vendor/fonts/flags/1x1/bi.svg]
[proxirest.ma/menu/assets/vendor/fonts/flags/4x3/bj.svg]
[proxirest.ma/menu/assets/vendor/fonts/flags/1x1/bj.svg]
[proxirest.ma/menu/assets/vendor/fonts/flags/4x3/bl.svg]
[proxirest.ma/menu/assets/vendor/fonts/flags/1x1/bl.svg]
[proxirest.ma/menu/assets/vendor/fonts/flags/4x3/bm.svg]
[proxirest.ma/menu/assets/vendor/fonts/flags/1x1/bm.svg]
[proxirest.ma/menu/assets/vendor/fonts/flags/4x3/bn.svg]
[proxirest.ma/menu/assets/vendor/fonts/flags/1x1/bn.svg]
[proxirest.ma/menu/assets/vendor/fonts/flags/4x3/bo.svg]
[proxirest.ma/menu/assets/vendor/fonts/flags/1x1/bo.svg]
[proxirest.ma/menu/assets/vendor/fonts/flags/4x3/bq.svg]
[proxirest.ma/menu/assets/vendor/fonts/flags/1x1/bq.svg]
[proxirest.ma/menu/assets/vendor/fonts/flags/4x3/br.svg]
[proxirest.ma/menu/assets/vendor/fonts/flags/1x1/br.svg]
[proxirest.ma/menu/assets/vendor/fonts/flags/4x3/bs.svg]
[proxirest.ma/menu/assets/vendor/fonts/flags/1x1/bs.svg]
[proxirest.ma/menu/assets/vendor/fonts/flags/4x3/bt.svg]
[proxirest.ma/menu/assets/vendor/fonts/flags/1x1/bt.svg]
[proxirest.ma/menu/assets/vendor/fonts/flags/4x3/bv.svg]
[proxirest.ma/menu/assets/vendor/fonts/flags/1x1/bv.svg]
[proxirest.ma/menu/assets/vendor/fonts/flags/4x3/bw.svg]
[proxirest.ma/menu/assets/vendor/fonts/flags/1x1/bw.svg]
[proxirest.ma/menu/assets/vendor/fonts/flags/4x3/by.svg]
[proxirest.ma/menu/assets/vendor/fonts/flags/1x1/by.svg]
[proxirest.ma/menu/assets/vendor/fonts/flags/4x3/bz.svg]
[proxirest.ma/menu/assets/vendor/fonts/flags/1x1/bz.svg]
[proxirest.ma/menu/assets/vendor/fonts/flags/4x3/ca.svg]
[proxirest.ma/menu/assets/vendor/fonts/flags/1x1/ca.svg]
[proxirest.ma/menu/assets/vendor/fonts/flags/4x3/cc.svg]
[proxirest.ma/menu/assets/vendor/fonts/flags/1x1/cc.svg]
[proxirest.ma/menu/assets/vendor/fonts/flags/4x3/cd.svg]
[proxirest.ma/menu/assets/vendor/fonts/flags/1x1/cd.svg]
[proxirest.ma/menu/assets/vendor/fonts/flags/4x3/cf.svg]
[proxirest.ma/menu/assets/vendor/fonts/flags/1x1/cf.svg]
[proxirest.ma/menu/assets/vendor/fonts/flags/4x3/cg.svg]
[proxirest.ma/menu/assets/vendor/fonts/flags/1x1/cg.svg]
[proxirest.ma/menu/assets/vendor/fonts/flags/4x3/ch.svg]
[proxirest.ma/menu/assets/vendor/fonts/flags/1x1/ch.svg]
[proxirest.ma/menu/assets/vendor/fonts/flags/4x3/ci.svg]
[proxirest.ma/menu/assets/vendor/fonts/flags/1x1/ci.svg]
[proxirest.ma/menu/assets/vendor/fonts/flags/4x3/ck.svg]
[proxirest.ma/menu/assets/vendor/fonts/flags/1x1/ck.svg]
[proxirest.ma/menu/assets/vendor/fonts/flags/4x3/cl.svg]
[proxirest.ma/menu/assets/vendor/fonts/flags/1x1/cl.svg]
[proxirest.ma/menu/assets/vendor/fonts/flags/4x3/cm.svg]
[proxirest.ma/menu/assets/vendor/fonts/flags/1x1/cm.svg]
[proxirest.ma/menu/assets/vendor/fonts/flags/4x3/cn.svg]
[proxirest.ma/menu/assets/vendor/fonts/flags/1x1/cn.svg]
[proxirest.ma/menu/assets/vendor/fonts/flags/4x3/co.svg]
[proxirest.ma/menu/assets/vendor/fonts/flags/1x1/co.svg]
[proxirest.ma/menu/assets/vendor/fonts/flags/4x3/cr.svg]
[proxirest.ma/menu/assets/vendor/fonts/flags/1x1/cr.svg]
[proxirest.ma/menu/assets/vendor/fonts/flags/4x3/cu.svg]
[proxirest.ma/menu/assets/vendor/fonts/flags/1x1/cu.svg]
[proxirest.ma/menu/assets/vendor/fonts/flags/4x3/cv.svg]
[proxirest.ma/menu/assets/vendor/fonts/flags/1x1/cv.svg]
[proxirest.ma/menu/assets/vendor/fonts/flags/4x3/cw.svg]
[proxirest.ma/menu/assets/vendor/fonts/flags/1x1/cw.svg]
[proxirest.ma/menu/assets/vendor/fonts/flags/4x3/cx.svg]
[proxirest.ma/menu/assets/vendor/fonts/flags/1x1/cx.svg]
[proxirest.ma/menu/assets/vendor/fonts/flags/4x3/cy.svg]
[proxirest.ma/menu/assets/vendor/fonts/flags/1x1/cy.svg]
[proxirest.ma/menu/assets/vendor/fonts/flags/4x3/cz.svg]
[proxirest.ma/menu/assets/vendor/fonts/flags/1x1/cz.svg]
[proxirest.ma/menu/assets/vendor/fonts/flags/4x3/de.svg]
[proxirest.ma/menu/assets/vendor/fonts/flags/1x1/de.svg]
[proxirest.ma/menu/assets/vendor/fonts/flags/4x3/dj.svg]
[proxirest.ma/menu/assets/vendor/fonts/flags/1x1/dj.svg]
[proxirest.ma/menu/assets/vendor/fonts/flags/4x3/dk.svg]
[proxirest.ma/menu/assets/vendor/fonts/flags/1x1/dk.svg]
[proxirest.ma/menu/assets/vendor/fonts/flags/4x3/dm.svg]
[proxirest.ma/menu/assets/vendor/fonts/flags/1x1/dm.svg]
[proxirest.ma/menu/assets/vendor/fonts/flags/4x3/do.svg]
[proxirest.ma/menu/assets/vendor/fonts/flags/1x1/do.svg]
[proxirest.ma/menu/assets/vendor/fonts/flags/4x3/dz.svg]
[proxirest.ma/menu/assets/vendor/fonts/flags/1x1/dz.svg]
[proxirest.ma/menu/assets/vendor/fonts/flags/4x3/ec.svg]
[proxirest.ma/menu/assets/vendor/fonts/flags/1x1/ec.svg]
[proxirest.ma/menu/assets/vendor/fonts/flags/4x3/ee.svg]
[proxirest.ma/menu/assets/vendor/fonts/flags/1x1/ee.svg]
[proxirest.ma/menu/assets/vendor/fonts/flags/4x3/eg.svg]
[proxirest.ma/menu/assets/vendor/fonts/flags/1x1/eg.svg]
[proxirest.ma/menu/assets/vendor/fonts/flags/4x3/eh.svg]
[proxirest.ma/menu/assets/vendor/fonts/flags/1x1/eh.svg]
[proxirest.ma/menu/assets/vendor/fonts/flags/4x3/er.svg]
[proxirest.ma/menu/assets/vendor/fonts/flags/1x1/er.svg]
[proxirest.ma/menu/assets/vendor/fonts/flags/4x3/es.svg]
[proxirest.ma/menu/assets/vendor/fonts/flags/1x1/es.svg]
[proxirest.ma/menu/assets/vendor/fonts/flags/4x3/et.svg]
[proxirest.ma/menu/assets/vendor/fonts/flags/1x1/et.svg]
[proxirest.ma/menu/assets/vendor/fonts/flags/4x3/fi.svg]
[proxirest.ma/menu/assets/vendor/fonts/flags/1x1/fi.svg]
[proxirest.ma/menu/assets/vendor/fonts/flags/4x3/fj.svg]
[proxirest.ma/menu/assets/vendor/fonts/flags/1x1/fj.svg]
[proxirest.ma/menu/assets/vendor/fonts/flags/4x3/fk.svg]
[proxirest.ma/menu/assets/vendor/fonts/flags/1x1/fk.svg]
[proxirest.ma/menu/assets/vendor/fonts/flags/4x3/fm.svg]
[proxirest.ma/menu/assets/vendor/fonts/flags/1x1/fm.svg]
[proxirest.ma/menu/assets/vendor/fonts/flags/4x3/fo.svg]
[proxirest.ma/menu/assets/vendor/fonts/flags/1x1/fo.svg]
[proxirest.ma/menu/assets/vendor/fonts/flags/4x3/fr.svg]
[proxirest.ma/menu/assets/vendor/fonts/flags/1x1/fr.svg]
[proxirest.ma/menu/assets/vendor/fonts/flags/4x3/ga.svg]
[proxirest.ma/menu/assets/vendor/fonts/flags/1x1/ga.svg]
[proxirest.ma/menu/assets/vendor/fonts/flags/4x3/gb.svg]
[proxirest.ma/menu/assets/vendor/fonts/flags/1x1/gb.svg]
[proxirest.ma/menu/assets/vendor/fonts/flags/4x3/gd.svg]
[proxirest.ma/menu/assets/vendor/fonts/flags/1x1/gd.svg]
[proxirest.ma/menu/assets/vendor/fonts/flags/4x3/ge.svg]
[proxirest.ma/menu/assets/vendor/fonts/flags/1x1/ge.svg]
[proxirest.ma/menu/assets/vendor/fonts/flags/4x3/gf.svg]
[proxirest.ma/menu/assets/vendor/fonts/flags/1x1/gf.svg]
[proxirest.ma/menu/assets/vendor/fonts/flags/4x3/gg.svg]
[proxirest.ma/menu/assets/vendor/fonts/flags/1x1/gg.svg]
[proxirest.ma/menu/assets/vendor/fonts/flags/4x3/gh.svg]
[proxirest.ma/menu/assets/vendor/fonts/flags/1x1/gh.svg]
[proxirest.ma/menu/assets/vendor/fonts/flags/4x3/gi.svg]
[proxirest.ma/menu/assets/vendor/fonts/flags/1x1/gi.svg]
[proxirest.ma/menu/assets/vendor/fonts/flags/4x3/gl.svg]
[proxirest.ma/menu/assets/vendor/fonts/flags/1x1/gl.svg]
[proxirest.ma/menu/assets/vendor/fonts/flags/4x3/gm.svg]
[proxirest.ma/menu/assets/vendor/fonts/flags/1x1/gm.svg]
[proxirest.ma/menu/assets/vendor/fonts/flags/4x3/gn.svg]
[proxirest.ma/menu/assets/vendor/fonts/flags/1x1/gn.svg]
[proxirest.ma/menu/assets/vendor/fonts/flags/4x3/gp.svg]
[proxirest.ma/menu/assets/vendor/fonts/flags/1x1/gp.svg]
[proxirest.ma/menu/assets/vendor/fonts/flags/4x3/gq.svg]
[proxirest.ma/menu/assets/vendor/fonts/flags/1x1/gq.svg]
[proxirest.ma/menu/assets/vendor/fonts/flags/4x3/gr.svg]
[proxirest.ma/menu/assets/vendor/fonts/flags/1x1/gr.svg]
[proxirest.ma/menu/assets/vendor/fonts/flags/4x3/gs.svg]
[proxirest.ma/menu/assets/vendor/fonts/flags/1x1/gs.svg]
[proxirest.ma/menu/assets/vendor/fonts/flags/4x3/gt.svg]
[proxirest.ma/menu/assets/vendor/fonts/flags/1x1/gt.svg]
[proxirest.ma/menu/assets/vendor/fonts/flags/4x3/gu.svg]
[proxirest.ma/menu/assets/vendor/fonts/flags/1x1/gu.svg]
[proxirest.ma/menu/assets/vendor/fonts/flags/4x3/gw.svg]
[proxirest.ma/menu/assets/vendor/fonts/flags/1x1/gw.svg]
[proxirest.ma/menu/assets/vendor/fonts/flags/4x3/gy.svg]
[proxirest.ma/menu/assets/vendor/fonts/flags/1x1/gy.svg]
[proxirest.ma/menu/assets/vendor/fonts/flags/4x3/hk.svg]
[proxirest.ma/menu/assets/vendor/fonts/flags/1x1/hk.svg]
[proxirest.ma/menu/assets/vendor/fonts/flags/4x3/hm.svg]
[proxirest.ma/menu/assets/vendor/fonts/flags/1x1/hm.svg]
[proxirest.ma/menu/assets/vendor/fonts/flags/4x3/hn.svg]
[proxirest.ma/menu/assets/vendor/fonts/flags/1x1/hn.svg]
[proxirest.ma/menu/assets/vendor/fonts/flags/4x3/hr.svg]
[proxirest.ma/menu/assets/vendor/fonts/flags/1x1/hr.svg]
[proxirest.ma/menu/assets/vendor/fonts/flags/4x3/ht.svg]
[proxirest.ma/menu/assets/vendor/fonts/flags/1x1/ht.svg]
[proxirest.ma/menu/assets/vendor/fonts/flags/4x3/hu.svg]
[proxirest.ma/menu/assets/vendor/fonts/flags/1x1/hu.svg]
[proxirest.ma/menu/assets/vendor/fonts/flags/4x3/id.svg]
[proxirest.ma/menu/assets/vendor/fonts/flags/1x1/id.svg]
[proxirest.ma/menu/assets/vendor/fonts/flags/4x3/ie.svg]
[proxirest.ma/menu/assets/vendor/fonts/flags/1x1/ie.svg]
[proxirest.ma/menu/assets/vendor/fonts/flags/4x3/il.svg]
[proxirest.ma/menu/assets/vendor/fonts/flags/1x1/il.svg]
[proxirest.ma/menu/assets/vendor/fonts/flags/4x3/im.svg]
[proxirest.ma/menu/assets/vendor/fonts/flags/1x1/im.svg]
[proxirest.ma/menu/assets/vendor/fonts/flags/4x3/in.svg]
[proxirest.ma/menu/assets/vendor/fonts/flags/1x1/in.svg]
[proxirest.ma/menu/assets/vendor/fonts/flags/4x3/io.svg]
[proxirest.ma/menu/assets/vendor/fonts/flags/1x1/io.svg]
[proxirest.ma/menu/assets/vendor/fonts/flags/4x3/iq.svg]
[proxirest.ma/menu/assets/vendor/fonts/flags/1x1/iq.svg]
[proxirest.ma/menu/assets/vendor/fonts/flags/4x3/ir.svg]
[proxirest.ma/menu/assets/vendor/fonts/flags/1x1/ir.svg]
[proxirest.ma/menu/assets/vendor/fonts/flags/4x3/is.svg]
[proxirest.ma/menu/assets/vendor/fonts/flags/1x1/is.svg]
[proxirest.ma/menu/assets/vendor/fonts/flags/4x3/it.svg]
[proxirest.ma/menu/assets/vendor/fonts/flags/1x1/it.svg]
[proxirest.ma/menu/assets/vendor/fonts/flags/4x3/je.svg]
[proxirest.ma/menu/assets/vendor/fonts/flags/1x1/je.svg]
[proxirest.ma/menu/assets/vendor/fonts/flags/4x3/jm.svg]
[proxirest.ma/menu/assets/vendor/fonts/flags/1x1/jm.svg]
[proxirest.ma/menu/assets/vendor/fonts/flags/4x3/jo.svg]
[proxirest.ma/menu/assets/vendor/fonts/flags/1x1/jo.svg]
[proxirest.ma/menu/assets/vendor/fonts/flags/4x3/jp.svg]
[proxirest.ma/menu/assets/vendor/fonts/flags/1x1/jp.svg]
[proxirest.ma/menu/assets/vendor/fonts/flags/4x3/ke.svg]
[proxirest.ma/menu/assets/vendor/fonts/flags/1x1/ke.svg]
[proxirest.ma/menu/assets/vendor/fonts/flags/4x3/kg.svg]
[proxirest.ma/menu/assets/vendor/fonts/flags/1x1/kg.svg]
[proxirest.ma/menu/assets/vendor/fonts/flags/4x3/kh.svg]
[proxirest.ma/menu/assets/vendor/fonts/flags/1x1/kh.svg]
[proxirest.ma/menu/assets/vendor/fonts/flags/4x3/ki.svg]
[proxirest.ma/menu/assets/vendor/fonts/flags/1x1/ki.svg]
[proxirest.ma/menu/assets/vendor/fonts/flags/4x3/km.svg]
[proxirest.ma/menu/assets/vendor/fonts/flags/1x1/km.svg]
[proxirest.ma/menu/assets/vendor/fonts/flags/4x3/kn.svg]
[proxirest.ma/menu/assets/vendor/fonts/flags/1x1/kn.svg]
[proxirest.ma/menu/assets/vendor/fonts/flags/4x3/kp.svg]
[proxirest.ma/menu/assets/vendor/fonts/flags/1x1/kp.svg]
[proxirest.ma/menu/assets/vendor/fonts/flags/4x3/kr.svg]
[proxirest.ma/menu/assets/vendor/fonts/flags/1x1/kr.svg]
[proxirest.ma/menu/assets/vendor/fonts/flags/4x3/kw.svg]
[proxirest.ma/menu/assets/vendor/fonts/flags/1x1/kw.svg]
[proxirest.ma/menu/assets/vendor/fonts/flags/4x3/ky.svg]
[proxirest.ma/menu/assets/vendor/fonts/flags/1x1/ky.svg]
[proxirest.ma/menu/assets/vendor/fonts/flags/4x3/kz.svg]
[proxirest.ma/menu/assets/vendor/fonts/flags/1x1/kz.svg]
[proxirest.ma/menu/assets/vendor/fonts/flags/4x3/la.svg]
[proxirest.ma/menu/assets/vendor/fonts/flags/1x1/la.svg]
[proxirest.ma/menu/assets/vendor/fonts/flags/4x3/lb.svg]
[proxirest.ma/menu/assets/vendor/fonts/flags/1x1/lb.svg]
[proxirest.ma/menu/assets/vendor/fonts/flags/4x3/lc.svg]
[proxirest.ma/menu/assets/vendor/fonts/flags/1x1/lc.svg]
[proxirest.ma/menu/assets/vendor/fonts/flags/4x3/li.svg]
[proxirest.ma/menu/assets/vendor/fonts/flags/1x1/li.svg]
[proxirest.ma/menu/assets/vendor/fonts/flags/4x3/lk.svg]
[proxirest.ma/menu/assets/vendor/fonts/flags/1x1/lk.svg]
[proxirest.ma/menu/assets/vendor/fonts/flags/4x3/lr.svg]
[proxirest.ma/menu/assets/vendor/fonts/flags/1x1/lr.svg]
[proxirest.ma/menu/assets/vendor/fonts/flags/4x3/ls.svg]
[proxirest.ma/menu/assets/vendor/fonts/flags/1x1/ls.svg]
[proxirest.ma/menu/assets/vendor/fonts/flags/4x3/lt.svg]
[proxirest.ma/menu/assets/vendor/fonts/flags/1x1/lt.svg]
[proxirest.ma/menu/assets/vendor/fonts/flags/4x3/lu.svg]
[proxirest.ma/menu/assets/vendor/fonts/flags/1x1/lu.svg]
[proxirest.ma/menu/assets/vendor/fonts/flags/4x3/lv.svg]
[proxirest.ma/menu/assets/vendor/fonts/flags/1x1/lv.svg]
[proxirest.ma/menu/assets/vendor/fonts/flags/4x3/ly.svg]
[proxirest.ma/menu/assets/vendor/fonts/flags/1x1/ly.svg]
[proxirest.ma/menu/assets/vendor/fonts/flags/4x3/ma.svg]
[proxirest.ma/menu/assets/vendor/fonts/flags/1x1/ma.svg]
[proxirest.ma/menu/assets/vendor/fonts/flags/4x3/mc.svg]
[proxirest.ma/menu/assets/vendor/fonts/flags/1x1/mc.svg]
[proxirest.ma/menu/assets/vendor/fonts/flags/4x3/md.svg]
[proxirest.ma/menu/assets/vendor/fonts/flags/1x1/md.svg]
[proxirest.ma/menu/assets/vendor/fonts/flags/4x3/me.svg]
[proxirest.ma/menu/assets/vendor/fonts/flags/1x1/me.svg]
[proxirest.ma/menu/assets/vendor/fonts/flags/4x3/mf.svg]
[proxirest.ma/menu/assets/vendor/fonts/flags/1x1/mf.svg]
[proxirest.ma/menu/assets/vendor/fonts/flags/4x3/mg.svg]
[proxirest.ma/menu/assets/vendor/fonts/flags/1x1/mg.svg]
[proxirest.ma/menu/assets/vendor/fonts/flags/4x3/mh.svg]
[proxirest.ma/menu/assets/vendor/fonts/flags/1x1/mh.svg]
[proxirest.ma/menu/assets/vendor/fonts/flags/4x3/mk.svg]
[proxirest.ma/menu/assets/vendor/fonts/flags/1x1/mk.svg]
[proxirest.ma/menu/assets/vendor/fonts/flags/4x3/ml.svg]
[proxirest.ma/menu/assets/vendor/fonts/flags/1x1/ml.svg]
[proxirest.ma/menu/assets/vendor/fonts/flags/4x3/mm.svg]
[proxirest.ma/menu/assets/vendor/fonts/flags/1x1/mm.svg]
[proxirest.ma/menu/assets/vendor/fonts/flags/4x3/mn.svg]
[proxirest.ma/menu/assets/vendor/fonts/flags/1x1/mn.svg]
[proxirest.ma/menu/assets/vendor/fonts/flags/4x3/mo.svg]
[proxirest.ma/menu/assets/vendor/fonts/flags/1x1/mo.svg]
[proxirest.ma/menu/assets/vendor/fonts/flags/4x3/mp.svg]
[proxirest.ma/menu/assets/vendor/fonts/flags/1x1/mp.svg]
[proxirest.ma/menu/assets/vendor/fonts/flags/4x3/mq.svg]
[proxirest.ma/menu/assets/vendor/fonts/flags/1x1/mq.svg]
[proxirest.ma/menu/assets/vendor/fonts/flags/4x3/mr.svg]
[proxirest.ma/menu/assets/vendor/fonts/flags/1x1/mr.svg]
[proxirest.ma/menu/assets/vendor/fonts/flags/4x3/ms.svg]
[proxirest.ma/menu/assets/vendor/fonts/flags/1x1/ms.svg]
[proxirest.ma/menu/assets/vendor/fonts/flags/4x3/mt.svg]
[proxirest.ma/menu/assets/vendor/fonts/flags/1x1/mt.svg]
[proxirest.ma/menu/assets/vendor/fonts/flags/4x3/mu.svg]
[proxirest.ma/menu/assets/vendor/fonts/flags/1x1/mu.svg]
[proxirest.ma/menu/assets/vendor/fonts/flags/4x3/mv.svg]
[proxirest.ma/menu/assets/vendor/fonts/flags/1x1/mv.svg]
[proxirest.ma/menu/assets/vendor/fonts/flags/4x3/mw.svg]
[proxirest.ma/menu/assets/vendor/fonts/flags/1x1/mw.svg]
[proxirest.ma/menu/assets/vendor/fonts/flags/4x3/mx.svg]
[proxirest.ma/menu/assets/vendor/fonts/flags/1x1/mx.svg]
[proxirest.ma/menu/assets/vendor/fonts/flags/4x3/my.svg]
[proxirest.ma/menu/assets/vendor/fonts/flags/1x1/my.svg]
[proxirest.ma/menu/assets/vendor/fonts/flags/4x3/mz.svg]
[proxirest.ma/menu/assets/vendor/fonts/flags/1x1/mz.svg]
[proxirest.ma/menu/assets/vendor/fonts/flags/4x3/na.svg]
[proxirest.ma/menu/assets/vendor/fonts/flags/1x1/na.svg]
[proxirest.ma/menu/assets/vendor/fonts/flags/4x3/nc.svg]
[proxirest.ma/menu/assets/vendor/fonts/flags/1x1/nc.svg]
[proxirest.ma/menu/assets/vendor/fonts/flags/4x3/ne.svg]
[proxirest.ma/menu/assets/vendor/fonts/flags/1x1/ne.svg]
[proxirest.ma/menu/assets/vendor/fonts/flags/4x3/nf.svg]
[proxirest.ma/menu/assets/vendor/fonts/flags/1x1/nf.svg]
[proxirest.ma/menu/assets/vendor/fonts/flags/4x3/ng.svg]
[proxirest.ma/menu/assets/vendor/fonts/flags/1x1/ng.svg]
[proxirest.ma/menu/assets/vendor/fonts/flags/4x3/ni.svg]
[proxirest.ma/menu/assets/vendor/fonts/flags/1x1/ni.svg]
[proxirest.ma/menu/assets/vendor/fonts/flags/4x3/nl.svg]
[proxirest.ma/menu/assets/vendor/fonts/flags/1x1/nl.svg]
[proxirest.ma/menu/assets/vendor/fonts/flags/4x3/no.svg]
[proxirest.ma/menu/assets/vendor/fonts/flags/1x1/no.svg]
[proxirest.ma/menu/assets/vendor/fonts/flags/4x3/np.svg]
[proxirest.ma/menu/assets/vendor/fonts/flags/1x1/np.svg]
[proxirest.ma/menu/assets/vendor/fonts/flags/4x3/nr.svg]
[proxirest.ma/menu/assets/vendor/fonts/flags/1x1/nr.svg]
[proxirest.ma/menu/assets/vendor/fonts/flags/4x3/nu.svg]
[proxirest.ma/menu/assets/vendor/fonts/flags/1x1/nu.svg]
[proxirest.ma/menu/assets/vendor/fonts/flags/4x3/nz.svg]
[proxirest.ma/menu/assets/vendor/fonts/flags/1x1/nz.svg]
[proxirest.ma/menu/assets/vendor/fonts/flags/4x3/om.svg]
[proxirest.ma/menu/assets/vendor/fonts/flags/1x1/om.svg]
[proxirest.ma/menu/assets/vendor/fonts/flags/4x3/pa.svg]
[proxirest.ma/menu/assets/vendor/fonts/flags/1x1/pa.svg]
[proxirest.ma/menu/assets/vendor/fonts/flags/4x3/pe.svg]
[proxirest.ma/menu/assets/vendor/fonts/flags/1x1/pe.svg]
[proxirest.ma/menu/assets/vendor/fonts/flags/4x3/pf.svg]
[proxirest.ma/menu/assets/vendor/fonts/flags/1x1/pf.svg]
[proxirest.ma/menu/assets/vendor/fonts/flags/4x3/pg.svg]
[proxirest.ma/menu/assets/vendor/fonts/flags/1x1/pg.svg]
[proxirest.ma/menu/assets/vendor/fonts/flags/4x3/ph.svg]
[proxirest.ma/menu/assets/vendor/fonts/flags/1x1/ph.svg]
[proxirest.ma/menu/assets/vendor/fonts/flags/4x3/pk.svg]
[proxirest.ma/menu/assets/vendor/fonts/flags/1x1/pk.svg]
[proxirest.ma/menu/assets/vendor/fonts/flags/4x3/pl.svg]
[proxirest.ma/menu/assets/vendor/fonts/flags/1x1/pl.svg]
[proxirest.ma/menu/assets/vendor/fonts/flags/4x3/pm.svg]
[proxirest.ma/menu/assets/vendor/fonts/flags/1x1/pm.svg]
[proxirest.ma/menu/assets/vendor/fonts/flags/4x3/pn.svg]
[proxirest.ma/menu/assets/vendor/fonts/flags/1x1/pn.svg]
[proxirest.ma/menu/assets/vendor/fonts/flags/4x3/pr.svg]
[proxirest.ma/menu/assets/vendor/fonts/flags/1x1/pr.svg]
[proxirest.ma/menu/assets/vendor/fonts/flags/4x3/ps.svg]
[proxirest.ma/menu/assets/vendor/fonts/flags/1x1/ps.svg]
[proxirest.ma/menu/assets/vendor/fonts/flags/4x3/pt.svg]
[proxirest.ma/menu/assets/vendor/fonts/flags/1x1/pt.svg]
[proxirest.ma/menu/assets/vendor/fonts/flags/4x3/pw.svg]
[proxirest.ma/menu/assets/vendor/fonts/flags/1x1/pw.svg]
[proxirest.ma/menu/assets/vendor/fonts/flags/4x3/py.svg]
[proxirest.ma/menu/assets/vendor/fonts/flags/1x1/py.svg]
[proxirest.ma/menu/assets/vendor/fonts/flags/4x3/qa.svg]
[proxirest.ma/menu/assets/vendor/fonts/flags/1x1/qa.svg]
[proxirest.ma/menu/assets/vendor/fonts/flags/4x3/re.svg]
[proxirest.ma/menu/assets/vendor/fonts/flags/1x1/re.svg]
[proxirest.ma/menu/assets/vendor/fonts/flags/4x3/ro.svg]
[proxirest.ma/menu/assets/vendor/fonts/flags/1x1/ro.svg]
[proxirest.ma/menu/assets/vendor/fonts/flags/4x3/rs.svg]
[proxirest.ma/menu/assets/vendor/fonts/flags/1x1/rs.svg]
[proxirest.ma/menu/assets/vendor/fonts/flags/4x3/ru.svg]
[proxirest.ma/menu/assets/vendor/fonts/flags/1x1/ru.svg]
[proxirest.ma/menu/assets/vendor/fonts/flags/4x3/rw.svg]
[proxirest.ma/menu/assets/vendor/fonts/flags/1x1/rw.svg]
[proxirest.ma/menu/assets/vendor/fonts/flags/4x3/sa.svg]
[proxirest.ma/menu/assets/vendor/fonts/flags/1x1/sa.svg]
[proxirest.ma/menu/assets/vendor/fonts/flags/4x3/sb.svg]
[proxirest.ma/menu/assets/vendor/fonts/flags/1x1/sb.svg]
[proxirest.ma/menu/assets/vendor/fonts/flags/4x3/sc.svg]
[proxirest.ma/menu/assets/vendor/fonts/flags/1x1/sc.svg]
[proxirest.ma/menu/assets/vendor/fonts/flags/4x3/sd.svg]
[proxirest.ma/menu/assets/vendor/fonts/flags/1x1/sd.svg]
[proxirest.ma/menu/assets/vendor/fonts/flags/4x3/se.svg]
[proxirest.ma/menu/assets/vendor/fonts/flags/1x1/se.svg]
[proxirest.ma/menu/assets/vendor/fonts/flags/4x3/sg.svg]
[proxirest.ma/menu/assets/vendor/fonts/flags/1x1/sg.svg]
[proxirest.ma/menu/assets/vendor/fonts/flags/4x3/sh.svg]
[proxirest.ma/menu/assets/vendor/fonts/flags/1x1/sh.svg]
[proxirest.ma/menu/assets/vendor/fonts/flags/4x3/si.svg]
[proxirest.ma/menu/assets/vendor/fonts/flags/1x1/si.svg]
[proxirest.ma/menu/assets/vendor/fonts/flags/4x3/sj.svg]
[proxirest.ma/menu/assets/vendor/fonts/flags/1x1/sj.svg]
[proxirest.ma/menu/assets/vendor/fonts/flags/4x3/sk.svg]
[proxirest.ma/menu/assets/vendor/fonts/flags/1x1/sk.svg]
[proxirest.ma/menu/assets/vendor/fonts/flags/4x3/sl.svg]
[proxirest.ma/menu/assets/vendor/fonts/flags/1x1/sl.svg]
[proxirest.ma/menu/assets/vendor/fonts/flags/4x3/sm.svg]
[proxirest.ma/menu/assets/vendor/fonts/flags/1x1/sm.svg]
[proxirest.ma/menu/assets/vendor/fonts/flags/4x3/sn.svg]
[proxirest.ma/menu/assets/vendor/fonts/flags/1x1/sn.svg]
[proxirest.ma/menu/assets/vendor/fonts/flags/4x3/so.svg]
[proxirest.ma/menu/assets/vendor/fonts/flags/1x1/so.svg]
[proxirest.ma/menu/assets/vendor/fonts/flags/4x3/sr.svg]
[proxirest.ma/menu/assets/vendor/fonts/flags/1x1/sr.svg]
[proxirest.ma/menu/assets/vendor/fonts/flags/4x3/ss.svg]
[proxirest.ma/menu/assets/vendor/fonts/flags/1x1/ss.svg]
[proxirest.ma/menu/assets/vendor/fonts/flags/4x3/st.svg]
[proxirest.ma/menu/assets/vendor/fonts/flags/1x1/st.svg]
[proxirest.ma/menu/assets/vendor/fonts/flags/4x3/sv.svg]
[proxirest.ma/menu/assets/vendor/fonts/flags/1x1/sv.svg]
[proxirest.ma/menu/assets/vendor/fonts/flags/4x3/sx.svg]
[proxirest.ma/menu/assets/vendor/fonts/flags/1x1/sx.svg]
[proxirest.ma/menu/assets/vendor/fonts/flags/4x3/sy.svg]
[proxirest.ma/menu/assets/vendor/fonts/flags/1x1/sy.svg]
[proxirest.ma/menu/assets/vendor/fonts/flags/4x3/sz.svg]
[proxirest.ma/menu/assets/vendor/fonts/flags/1x1/sz.svg]
[proxirest.ma/menu/assets/vendor/fonts/flags/4x3/tc.svg]
[proxirest.ma/menu/assets/vendor/fonts/flags/1x1/tc.svg]
[proxirest.ma/menu/assets/vendor/fonts/flags/4x3/td.svg]
[proxirest.ma/menu/assets/vendor/fonts/flags/1x1/td.svg]
[proxirest.ma/menu/assets/vendor/fonts/flags/4x3/tf.svg]
[proxirest.ma/menu/assets/vendor/fonts/flags/1x1/tf.svg]
[proxirest.ma/menu/assets/vendor/fonts/flags/4x3/tg.svg]
[proxirest.ma/menu/assets/vendor/fonts/flags/1x1/tg.svg]
[proxirest.ma/menu/assets/vendor/fonts/flags/4x3/th.svg]
[proxirest.ma/menu/assets/vendor/fonts/flags/1x1/th.svg]
[proxirest.ma/menu/assets/vendor/fonts/flags/4x3/tj.svg]
[proxirest.ma/menu/assets/vendor/fonts/flags/1x1/tj.svg]
[proxirest.ma/menu/assets/vendor/fonts/flags/4x3/tk.svg]
[proxirest.ma/menu/assets/vendor/fonts/flags/1x1/tk.svg]
[proxirest.ma/menu/assets/vendor/fonts/flags/4x3/tl.svg]
[proxirest.ma/menu/assets/vendor/fonts/flags/1x1/tl.svg]
[proxirest.ma/menu/assets/vendor/fonts/flags/4x3/tm.svg]
[proxirest.ma/menu/assets/vendor/fonts/flags/1x1/tm.svg]
[proxirest.ma/menu/assets/vendor/fonts/flags/4x3/tn.svg]
[proxirest.ma/menu/assets/vendor/fonts/flags/1x1/tn.svg]
[proxirest.ma/menu/assets/vendor/fonts/flags/4x3/to.svg]
[proxirest.ma/menu/assets/vendor/fonts/flags/1x1/to.svg]
[proxirest.ma/menu/assets/vendor/fonts/flags/4x3/tr.svg]
[proxirest.ma/menu/assets/vendor/fonts/flags/1x1/tr.svg]
[proxirest.ma/menu/assets/vendor/fonts/flags/4x3/tt.svg]
[proxirest.ma/menu/assets/vendor/fonts/flags/1x1/tt.svg]
[proxirest.ma/menu/assets/vendor/fonts/flags/4x3/tv.svg]
[proxirest.ma/menu/assets/vendor/fonts/flags/1x1/tv.svg]
[proxirest.ma/menu/assets/vendor/fonts/flags/4x3/tw.svg]
[proxirest.ma/menu/assets/vendor/fonts/flags/1x1/tw.svg]
[proxirest.ma/menu/assets/vendor/fonts/flags/4x3/tz.svg]
[proxirest.ma/menu/assets/vendor/fonts/flags/1x1/tz.svg]
[proxirest.ma/menu/assets/vendor/fonts/flags/4x3/ua.svg]
[proxirest.ma/menu/assets/vendor/fonts/flags/1x1/ua.svg]
[proxirest.ma/menu/assets/vendor/fonts/flags/4x3/ug.svg]
[proxirest.ma/menu/assets/vendor/fonts/flags/1x1/ug.svg]
[proxirest.ma/menu/assets/vendor/fonts/flags/4x3/um.svg]
[proxirest.ma/menu/assets/vendor/fonts/flags/1x1/um.svg]
[proxirest.ma/menu/assets/vendor/fonts/flags/4x3/us.svg]
[proxirest.ma/menu/assets/vendor/fonts/flags/1x1/us.svg]
[proxirest.ma/menu/assets/vendor/fonts/flags/4x3/uy.svg]
[proxirest.ma/menu/assets/vendor/fonts/flags/1x1/uy.svg]
[proxirest.ma/menu/assets/vendor/fonts/flags/4x3/uz.svg]
[proxirest.ma/menu/assets/vendor/fonts/flags/1x1/uz.svg]
[proxirest.ma/menu/assets/vendor/fonts/flags/4x3/va.svg]
[proxirest.ma/menu/assets/vendor/fonts/flags/1x1/va.svg]
[proxirest.ma/menu/assets/vendor/fonts/flags/4x3/vc.svg]
[proxirest.ma/menu/assets/vendor/fonts/flags/1x1/vc.svg]
[proxirest.ma/menu/assets/vendor/fonts/flags/4x3/ve.svg]
[proxirest.ma/menu/assets/vendor/fonts/flags/1x1/ve.svg]
[proxirest.ma/menu/assets/vendor/fonts/flags/4x3/vg.svg]
[proxirest.ma/menu/assets/vendor/fonts/flags/1x1/vg.svg]
[proxirest.ma/menu/assets/vendor/fonts/flags/4x3/vi.svg]
[proxirest.ma/menu/assets/vendor/fonts/flags/1x1/vi.svg]
[proxirest.ma/menu/assets/vendor/fonts/flags/4x3/vn.svg]
[proxirest.ma/menu/assets/vendor/fonts/flags/1x1/vn.svg]
[proxirest.ma/menu/assets/vendor/fonts/flags/4x3/vu.svg]
[proxirest.ma/menu/assets/vendor/fonts/flags/1x1/vu.svg]
[proxirest.ma/menu/assets/vendor/fonts/flags/4x3/wf.svg]
[proxirest.ma/menu/assets/vendor/fonts/flags/1x1/wf.svg]
[proxirest.ma/menu/assets/vendor/fonts/flags/4x3/ws.svg]
[proxirest.ma/menu/assets/vendor/fonts/flags/1x1/ws.svg]
[proxirest.ma/menu/assets/vendor/fonts/flags/4x3/ye.svg]
[proxirest.ma/menu/assets/vendor/fonts/flags/1x1/ye.svg]
[proxirest.ma/menu/assets/vendor/fonts/flags/4x3/yt.svg]
[proxirest.ma/menu/assets/vendor/fonts/flags/1x1/yt.svg]
[proxirest.ma/menu/assets/vendor/fonts/flags/4x3/za.svg]
[proxirest.ma/menu/assets/vendor/fonts/flags/1x1/za.svg]
[proxirest.ma/menu/assets/vendor/fonts/flags/4x3/zm.svg]
[proxirest.ma/menu/assets/vendor/fonts/flags/1x1/zm.svg]
[proxirest.ma/menu/assets/vendor/fonts/flags/4x3/zw.svg]
[proxirest.ma/menu/assets/vendor/fonts/flags/1x1/zw.svg]
[proxirest.ma/menu/assets/vendor/fonts/flags/4x3/ac.svg]
[proxirest.ma/menu/assets/vendor/fonts/flags/1x1/ac.svg]
[proxirest.ma/menu/assets/vendor/fonts/flags/4x3/cp.svg]
[proxirest.ma/menu/assets/vendor/fonts/flags/1x1/cp.svg]
[proxirest.ma/menu/assets/vendor/fonts/flags/4x3/dg.svg]
[proxirest.ma/menu/assets/vendor/fonts/flags/1x1/dg.svg]
[proxirest.ma/menu/assets/vendor/fonts/flags/4x3/ea.svg]
[proxirest.ma/menu/assets/vendor/fonts/flags/1x1/ea.svg]
[proxirest.ma/menu/assets/vendor/fonts/flags/4x3/es-ct.svg]
[proxirest.ma/menu/assets/vendor/fonts/flags/1x1/es-ct.svg]
[proxirest.ma/menu/assets/vendor/fonts/flags/4x3/es-ga.svg]
[proxirest.ma/menu/assets/vendor/fonts/flags/1x1/es-ga.svg]
[proxirest.ma/menu/assets/vendor/fonts/flags/4x3/eu.svg]
[proxirest.ma/menu/assets/vendor/fonts/flags/1x1/eu.svg]
[proxirest.ma/menu/assets/vendor/fonts/flags/4x3/gb-eng.svg]
[proxirest.ma/menu/assets/vendor/fonts/flags/1x1/gb-eng.svg]
[proxirest.ma/menu/assets/vendor/fonts/flags/4x3/gb-nir.svg]
[proxirest.ma/menu/assets/vendor/fonts/flags/1x1/gb-nir.svg]
[proxirest.ma/menu/assets/vendor/fonts/flags/4x3/gb-sct.svg]
[proxirest.ma/menu/assets/vendor/fonts/flags/1x1/gb-sct.svg]
[proxirest.ma/menu/assets/vendor/fonts/flags/4x3/gb-wls.svg]
[proxirest.ma/menu/assets/vendor/fonts/flags/1x1/gb-wls.svg]
[proxirest.ma/menu/assets/vendor/fonts/flags/4x3/ic.svg]
[proxirest.ma/menu/assets/vendor/fonts/flags/1x1/ic.svg]
[proxirest.ma/menu/assets/vendor/fonts/flags/4x3/ta.svg]
[proxirest.ma/menu/assets/vendor/fonts/flags/1x1/ta.svg]
[proxirest.ma/menu/assets/vendor/fonts/flags/4x3/un.svg]
[proxirest.ma/menu/assets/vendor/fonts/flags/1x1/un.svg]
[proxirest.ma/menu/assets/vendor/fonts/flags/4x3/xk.svg]
[proxirest.ma/menu/assets/vendor/fonts/flags/1x1/xk.svg]
